// Jest Snapshot v1, https://goo.gl/fbAQLP

exports[`DashboardSpec should initialize Dashboard 1`] = `
<ScrollView
  style={
    Array [
      Object {
        "flex": 1,
        "flexDirection": "column",
        "marginTop": 64,
      },
    ]
  }
>
  <DashboardItem
    label="Weight"
    onPress={[Function]}
  />
  <DashboardItem
    label="Height"
    onPress={[Function]}
  />
</ScrollView>
`;
